../Core/Src/main.c:80:5:main	16	static
../Core/Src/main.c:152:6:SystemClock_Config	88	static
../Core/Src/main.c:200:13:MX_TIM2_Init	48	static
../Core/Src/main.c:258:13:MX_TIM3_Init	64	static
../Core/Src/main.c:317:13:MX_TIM4_Init	64	static
../Core/Src/main.c:376:13:MX_TIM5_Init	32	static
../Core/Src/main.c:421:13:MX_USART2_UART_Init	8	static
../Core/Src/main.c:454:13:MX_GPIO_Init	48	static
../Core/Src/main.c:489:6:HAL_TIM_IC_CaptureCallback	16	static
../Core/Src/main.c:526:6:Error_Handler	4	static,ignoring_inline_asm
