../Core/Src/main.c:116:6:Show_Menu	8	static
../Core/Src/main.c:121:6:generarSin	16	static
../Core/Src/main.c:127:5:calcularARR	24	static
../Core/Src/main.c:133:6:noToneDAC	4	static
../Core/Src/main.c:137:6:playToneDAC	48	static
../Core/Src/main.c:176:5:presForFrequencyPWM	16	static
../Core/Src/main.c:181:6:noTonePWM	4	static
../Core/Src/main.c:185:6:playTonePWM	40	static
../Core/Src/main.c:226:6:HAL_UART_RxCpltCallback	16	static
../Core/Src/main.c:242:5:main	8	static
../Core/Src/main.c:309:6:SystemClock_Config	88	static
../Core/Src/main.c:357:13:MX_DAC_Init	16	static
../Core/Src/main.c:397:13:MX_TIM1_Init	96	static
../Core/Src/main.c:472:13:MX_TIM6_Init	16	static
../Core/Src/main.c:510:13:MX_USART2_UART_Init	8	static
../Core/Src/main.c:541:13:MX_DMA_Init	16	static
../Core/Src/main.c:559:13:MX_GPIO_Init	48	static
../Core/Src/main.c:591:6:Error_Handler	4	static,ignoring_inline_asm
