../Core/Src/main.c:118:6:Show_Menu	8	static
../Core/Src/main.c:123:6:generarSin	16	static
../Core/Src/main.c:129:5:calcularARR	24	static
../Core/Src/main.c:135:6:noToneDAC	4	static
../Core/Src/main.c:139:6:playToneDAC	48	static
../Core/Src/main.c:173:5:presForFrequencyPWM	16	static
../Core/Src/main.c:178:6:noTonePWM	4	static
../Core/Src/main.c:182:6:playTonePWM	40	static
../Core/Src/main.c:217:6:HAL_UART_RxCpltCallback	16	static
../Core/Src/main.c:233:5:main	8	static
../Core/Src/main.c:300:6:SystemClock_Config	88	static
../Core/Src/main.c:348:13:MX_DAC_Init	16	static
../Core/Src/main.c:388:13:MX_TIM1_Init	96	static
../Core/Src/main.c:463:13:MX_TIM6_Init	16	static
../Core/Src/main.c:501:13:MX_USART2_UART_Init	8	static
../Core/Src/main.c:532:13:MX_DMA_Init	16	static
../Core/Src/main.c:550:13:MX_GPIO_Init	48	static
../Core/Src/main.c:582:6:Error_Handler	4	static,ignoring_inline_asm
